> Task :app:preBuild UP-TO-DATE
> Task :app:preDebugBuild UP-TO-DATE
> Task :app:mergeDebugNativeDebugMetadata NO-SOURCE
> Task :app:generateDebugResources UP-TO-DATE
> Task :app:processDebugGoogleServices UP-TO-DATE
> Task :app:packageDebugResources UP-TO-DATE
> Task :app:processDebugNavigationResources UP-TO-DATE
> Task :app:parseDebugLocalResources UP-TO-DATE
> Task :app:generateDebugRFile UP-TO-DATE
> Task :app:compileDebugKotlin UP-TO-DATE
> Task :app:javaPreCompileDebug UP-TO-DATE
> Task :app:compileDebugJavaWithJavac NO-SOURCE
> Task :app:generateDebugAssets UP-TO-DATE
> Task :app:mergeDebugAssets UP-TO-DATE
> Task :app:compressDebugAssets UP-TO-DATE
> Task :app:processDebugJavaRes UP-TO-DATE
> Task :app:checkDebugDuplicateClasses UP-TO-DATE
> Task :app:desugarDebugFileDependencies UP-TO-DATE
> Task :app:mergeExtDexDebug UP-TO-DATE
> Task :app:mergeLibDexDebug UP-TO-DATE
> Task :app:checkDebugAarMetadata UP-TO-DATE
> Task :app:mapDebugSourceSetPaths UP-TO-DATE
> Task :app:compileDebugNavigationResources UP-TO-DATE
> Task :app:mergeDebugResources UP-TO-DATE
> Task :app:createDebugCompatibleScreenManifests UP-TO-DATE
> Task :app:extractDeepLinksDebug UP-TO-DATE
> Task :app:processDebugMainManifest UP-TO-DATE
> Task :app:processDebugManifest
> Task :app:mergeDebugJniLibFolders
> Task :app:mergeDebugNativeLibs
> Task :app:validateSigningDebug
> Task :app:writeDebugAppMetadata
> Task :app:writeDebugSigningConfigVersions
> Task :app:processDebugManifestForPackage
> Task :app:stripDebugDebugSymbols
> Task :app:mergeDebugJavaResource FAILED
> Task :app:processDebugResources
.\gradlew.bat : 
At line:1 char:1
+ .\gradlew.bat 
assembleDebug > 
build_output.txt 2>&1
+ ~~~~~~~~~~~~~~~~~~~~~~~~
~~~~~~~~~~~~~~~~~~~~~~~~~~
~
    + CategoryInfo        
      : NotSpecified: (:  
  String) [], RemoteExc   
 eption
    + FullyQualifiedError 
   Id : NativeCommandErr  
  or
 
FAILURE: Build failed 
with an exception.

* What went wrong:
Execution failed for task 
':app:mergeDebugJavaResour
ce'.
> A failure occurred 
while executing com.androi
d.build.gradle.internal.ta
sks.MergeJavaResWorkAction
   > 2 files found with 
path 'META-INF/NOTICE.md' 
from inputs:
      - com.sun.mail:andro
id-mail:1.6.7/android-mail
-1.6.7.jar
      - com.sun.mail:andro
id-activation:1.6.7/androi
d-activation-1.6.7.jar
     Adding a packaging 
block may help, please 
refer to
     https://developer.and
roid.com/reference/tools/g
radle-api/com/android/buil
d/api/dsl/Packaging
     for more information

* Try:
> Run with --stacktrace 
option to get the stack 
trace.
> Run with --info or 
--debug option to get 
more log output.
> Run with --scan to get 
full insights from a 
Build Scan (powered by 
Develocity).
> Get more help at 
https://help.gradle.org.

BUILD FAILED in 4s
32 actionable tasks: 10 executed, 22 up-to-date
